login success!
[1/4] 成分股/行业/名称...
      707 只
[2/4] OHLCV (缓存)...
      50/707 (7%) 耗时:0s 预计剩余:1s
      100/707 (14%) 耗时:0s 预计剩余:1s
      150/707 (21%) 耗时:0s 预计剩余:1s
      200/707 (28%) 耗时:0s 预计剩余:1s
      250/707 (35%) 耗时:0s 预计剩余:1s
      300/707 (42%) 耗时:0s 预计剩余:0s
      350/707 (50%) 耗时:0s 预计剩余:0s
      400/707 (57%) 耗时:1s 预计剩余:0s
      450/707 (64%) 耗时:1s 预计剩余:0s
      500/707 (71%) 耗时:1s 预计剩余:0s
      550/707 (78%) 耗时:1s 预计剩余:0s
      600/707 (85%) 耗时:1s 预计剩余:0s
      650/707 (92%) 耗时:1s 预计剩余:0s
      700/707 (99%) 耗时:1s 预计剩余:0s
      707/707 (100%) 耗时:1s 预计剩余:0s
      成功 707, 失败 0
      510 只有效
[3/4] 基准沪深300...
[4/4] 数据就绪

基线  年化:  -1.4%  夏普:-0.22  回撤: 39.5%  胜率:50.6%  (3s)
[1/36] DECLINE=0.25   年化:  -5.5%  夏普:-0.46  回撤: 39.3%  胜率:46.0%  笔数:113  (4s)
[2/36] DECLINE=0.3    年化:  -1.4%  夏普:-0.22  回撤: 39.5%  胜率:50.6%  笔数: 87  (3s)
[3/36] DECLINE=0.35   年化:   1.0%  夏普:-0.09  回撤: 27.1%  胜率:46.4%  笔数: 56  (3s)
[4/36] DECLINE=0.4    年化:  -0.3%  夏普:-0.35  回撤: 22.7%  胜率:38.7%  笔数: 31  (3s)
[5/36] DECLINE=0.5    年化:   1.3%  夏普:-0.27  回撤:  9.8%  胜率:33.3%  笔数:  3  (3s)
[6/36] RANGE_MAX_WIDE=0.2    年化:   2.1%  夏普:-0.01  回撤: 18.9%  胜率:56.8%  笔数: 37  (4s)
[7/36] RANGE_MAX_WIDE=0.25   年化:   2.0%  夏普:0.01  回撤: 28.6%  胜率:55.9%  笔数: 68  (4s)
[8/36] RANGE_MAX_WIDE=0.3    年化:  -1.4%  夏普:-0.22  回撤: 39.5%  胜率:50.6%  笔数: 87  (4s)
[9/36] RANGE_MAX_WIDE=0.35   年化:  -3.1%  夏普:-0.32  回撤: 41.3%  胜率:50.0%  笔数: 94  (3s)
[10/36] DUMP_VOL=1.2    年化:  -4.1%  夏普:-0.28  回撤: 50.4%  胜率:45.2%  笔数:146  (4s)
[11/36] DUMP_VOL=1.5    年化:  -1.4%  夏普:-0.22  回撤: 39.5%  胜率:50.6%  笔数: 87  (3s)
[12/36] DUMP_VOL=1.8    年化:   2.4%  夏普:0.03  回撤: 16.7%  胜率:54.3%  笔数: 46  (3s)
[13/36] DUMP_VOL=2.0    年化:  -0.1%  夏普:-0.29  回撤: 15.8%  胜率:44.8%  笔数: 29  (4s)
[14/36] TEST_VOL=0.4    年化:   2.4%  夏普:0.03  回撤: 12.9%  胜率:54.2%  笔数: 24  (3s)
[15/36] TEST_VOL=0.5    年化:  -0.8%  夏普:-0.25  回撤: 28.0%  胜率:43.4%  笔数: 53  (4s)
[16/36] TEST_VOL=0.6    年化:  -1.4%  夏普:-0.22  回撤: 39.5%  胜率:50.6%  笔数: 87  (3s)
[17/36] TEST_VOL=0.8    年化:  12.7%  夏普:0.53  回撤: 26.6%  胜率:50.0%  笔数: 96  (3s)
[18/36] TEST_VOL=1.0    年化:  13.6%  夏普:0.58  回撤: 26.1%  胜率:53.4%  笔数:103  (4s)
[19/36] BREAK_VOL=1.2    年化:  -1.6%  夏普:-0.23  回撤: 39.6%  胜率:49.5%  笔数: 91  (3s)
[20/36] BREAK_VOL=1.5    年化:  -1.4%  夏普:-0.22  回撤: 39.5%  胜率:50.6%  笔数: 87  (4s)
[21/36] BREAK_VOL=1.8    年化:  -0.8%  夏普:-0.19  回撤: 37.4%  胜率:53.0%  笔数: 83  (4s)
[22/36] BREAK_VOL=2.2    年化:   3.1%  夏普:0.10  回撤: 37.0%  胜率:52.0%  笔数: 75  (4s)
[23/36] DIST_VOL=1.5    年化:   1.2%  夏普:-0.10  回撤: 27.7%  胜率:47.1%  笔数:121  (3s)
[24/36] DIST_VOL=2.0    年化:  -1.4%  夏普:-0.22  回撤: 39.5%  胜率:50.6%  笔数: 87  (4s)
[25/36] DIST_VOL=2.5    年化:  -5.1%  夏普:-0.35  回撤: 39.0%  胜率:41.7%  笔数: 60  (4s)
[26/36] DIST_VOL=3.0    年化:  -2.5%  夏普:-0.14  回撤: 38.7%  胜率:45.8%  笔数: 48  (4s)
[27/36] HUGE_VOL=3.0    年化:  -1.1%  夏普:-0.21  回撤: 39.3%  胜率:49.4%  笔数: 85  (4s)
[28/36] HUGE_VOL=4.0    年化:  -1.4%  夏普:-0.22  回撤: 39.5%  胜率:50.6%  笔数: 87  (4s)
[29/36] HUGE_VOL=5.0    年化:  -1.3%  夏普:-0.21  回撤: 37.6%  胜率:50.6%  笔数: 89  (3s)
[30/36] HUGE_VOL=6.0    年化:  -1.5%  夏普:-0.23  回撤: 37.6%  胜率:50.0%  笔数: 90  (3s)
[31/36] STOP_LOW=0.93   年化:  -1.4%  夏普:-0.22  回撤: 41.4%  胜率:52.8%  笔数: 89  (4s)
[32/36] STOP_LOW=0.95   年化:  -1.4%  夏普:-0.22  回撤: 39.5%  胜率:50.6%  笔数: 87  (4s)
[33/36] STOP_LOW=0.97   年化:  -0.5%  夏普:-0.17  回撤: 38.3%  胜率:51.3%  笔数: 78  (3s)
[34/36] MAX_LOSS=0.9    年化:  -1.4%  夏普:-0.22  回撤: 39.5%  胜率:50.6%  笔数: 87  (3s)
[35/36] MAX_LOSS=0.92   年化:  -1.4%  夏普:-0.22  回撤: 39.5%  胜率:50.6%  笔数: 87  (4s)
[36/36] MAX_LOSS=0.95   年化:  -1.1%  夏普:-0.22  回撤: 37.1%  胜率:51.8%  笔数: 83  (4s)

CSV -> wyckoff_sweep_20260803_131427.csv
HTML -> wyckoff_sweep_20260803_131427.html
logout success!

完成.
